# hello_s2_progress_off w=80 h=24 size=2 parts=1
                                                                                |
                                                                                |
                                                                                |
                                                                                |
                                                                                |
                                                                                |
                                                                                |
                                                                                |
                                                                                |
                                                                                |
                                        │                                       |
                                  █ █  ▄  ▀█  ▀█   ▄                            |
                                  █▀█ █▄▀  █   █  █ █                           |
                                  ▀ ▀  ▀▀ ▀▀▀ ▀▀▀  ▀                            |
                                        │                                       |
                                                                                |
                                                                                |
                                                                                |
                                                                                |
                                                                                |
                                                                                |
                                                                                |
                                                                                |
                                                                                |
--
................................................................................
................................................................................
................................................................................
................................................................................
................................................................................
................................................................................
................................................................................
................................................................................
................................................................................
................................................................................
........................................T.......................................
......................................FFFF......................................
......................................FFFF......................................
......................................FFFF......................................
........................................T.......................................
................................................................................
................................................................................
................................................................................
................................................................................
................................................................................
................................................................................
................................................................................
................................................................................
................................................................................
