# hello_s2_help_on w=80 h=24 size=2 parts=1
space pause  ↑↓ wpm  [ ] size  ←→ word  home restart  p progress  ? help  q quit|
                                                                                |
                                                                                |
                                                                                |
                                                                                |
                                                                                |
                                                                                |
                                                                                |
                                                                                |
                                                                                |
                                        │                                       |
                                  █ █  ▄  ▀█  ▀█   ▄                            |
                                  █▀█ █▄▀  █   █  █ █                           |
                                  ▀ ▀  ▀▀ ▀▀▀ ▀▀▀  ▀                            |
                                        │                                       |
                                                                                |
                                                                                |
                                                                                |
                                                                                |
                                                                                |
                                                                                |
                                                                                |
                                                                                |
━━────────────────────────────────────────────────────────── word 5/120  287 wpm|
--
................................................................................
................................................................................
................................................................................
................................................................................
................................................................................
................................................................................
................................................................................
................................................................................
................................................................................
................................................................................
........................................T.......................................
......................................FFFF......................................
......................................FFFF......................................
......................................FFFF......................................
........................................T.......................................
................................................................................
................................................................................
................................................................................
................................................................................
................................................................................
................................................................................
................................................................................
................................................................................
................................................................................
