# naive_s5 w=80 h=24 size=5 parts=1
                                                                                |
                                                                                |
                                                                                |
                                                                                |
                                                                                |
                                                                                |
                                                                                |
                                        │                                       |
                                                                                |
                                                ▄ ▄                             |
                                                ▀ ▀                             |
                          ▄ ▄▄▄▄     ▄▄▄▄▄     ▄▄▄      ▄     ▄    ▄▄▄▄▄        |
                          █▀    █         █      █      ▀▄   ▄▀   █     █       |
                          █     █   ▄▀▀▀▀▀█      █       ▀▄ ▄▀    █▀▀▀▀▀▀       |
                          █     █   ▀▄▄▄▄▀█    ▄▄█▄▄      ▀▄▀     ▀▄▄▄▄▄▀       |
                                                                                |
                                                                                |
                                        │                                       |
                                                                                |
                                                                                |
                                                                                |
                                                                                |
                                                                                |
━━────────────────────────────────────────────────────────── word 5/120  287 wpm|
--
................................................................................
................................................................................
................................................................................
................................................................................
................................................................................
................................................................................
................................................................................
........................................T.......................................
...................................FFFFFFFFFF...................................
...................................FFFFFFFFFF...................................
...................................FFFFFFFFFF...................................
...................................FFFFFFFFFF...................................
...................................FFFFFFFFFF...................................
...................................FFFFFFFFFF...................................
...................................FFFFFFFFFF...................................
...................................FFFFFFFFFF...................................
...................................FFFFFFFFFF...................................
........................................T.......................................
................................................................................
................................................................................
................................................................................
................................................................................
................................................................................
................................................................................
