# naive_s2 w=80 h=24 size=2 parts=1
                                                                                |
                                                                                |
                                                                                |
                                                                                |
                                                                                |
                                                                                |
                                                                                |
                                                                                |
                                                                                |
                                                                                |
                                        │                                       |
                                  ▄▄   ▄▄ ▀ ▀ ▄ ▄  ▄                            |
                                  █ █ █ █ ▀█  █ █ █▄▀                           |
                                  ▀ ▀  ▀▀ ▀▀▀  ▀   ▀▀                           |
                                        │                                       |
                                                                                |
                                                                                |
                                                                                |
                                                                                |
                                                                                |
                                                                                |
                                                                                |
                                                                                |
━━────────────────────────────────────────────────────────── word 5/120  287 wpm|
--
................................................................................
................................................................................
................................................................................
................................................................................
................................................................................
................................................................................
................................................................................
................................................................................
................................................................................
................................................................................
........................................T.......................................
......................................FFFF......................................
......................................FFFF......................................
......................................FFFF......................................
........................................T.......................................
................................................................................
................................................................................
................................................................................
................................................................................
................................................................................
................................................................................
................................................................................
................................................................................
................................................................................
