# wonderful_s3 w=80 h=24 size=3 parts=1
                                                                                |
                                                                                |
                                                                                |
                                                                                |
                                                                                |
                                                                                |
                                                                                |
                                                                                |
                                                                                |
                                        │                                       |
                                               ▄               ▄▄         ▄▄    |
                         ▄   ▄  ▄▄▄  ▄ ▄▄   ▄▄ █  ▄▄▄  ▄ ▄▄   █  ▀ ▄   ▄   █    |
                         █ ▄ █ █   █ █▀  █ █  ▀█ █▄▄▄█ █▀  ▀ ▀█▀▀  █   █   █    |
                         ▀▄▀▄▀ ▀▄▄▄▀ █   █ ▀▄▄▀█ ▀▄▄▄  █      █    ▀▄▄▀█  ▄█▄   |
                                                                                |
                                        │                                       |
                                                                                |
                                                                                |
                                                                                |
                                                                                |
                                                                                |
                                                                                |
                                                                                |
━━────────────────────────────────────────────────────────── word 5/120  287 wpm|
--
................................................................................
................................................................................
................................................................................
................................................................................
................................................................................
................................................................................
................................................................................
................................................................................
................................................................................
........................................T.......................................
.....................................FFFFFF.....................................
.....................................FFFFFF.....................................
.....................................FFFFFF.....................................
.....................................FFFFFF.....................................
.....................................FFFFFF.....................................
........................................T.......................................
................................................................................
................................................................................
................................................................................
................................................................................
................................................................................
................................................................................
................................................................................
................................................................................
