# wonderful_s4 w=80 h=24 size=4 parts=2
                                                                                |
                                                                                |
                                                                                |
                                                                                |
                                                                                |
                                                                                |
                                                                                |
                                                                                |
                                        │                                       |
                                                                                |
                                                 █                              |
                     ▄   ▄   ▄▄▄▄   ▄ ▄▄▄    ▄▄▄ █   ▄▄▄▄   ▄ ▄▄▄               |
                     █ ▄ █  █    █  █▀   █  █   ▀█  █    █  █▀   █   ▄▄▄▄▄      |
                     █ █ █  █    █  █    █  █    █  █▀▀▀▀▀  █                   |
                     ▀▄▀▄▀  ▀▄▄▄▄▀  █    █  ▀▄▄▄▀█  ▀▄▄▄▄▀  █                   |
                                                                                |
                                        │                                       |
                                                                                |
                                                                                |
                                                                                |
                                                                                |
                                                                                |
                                                                                |
━━────────────────────────────────────────────────────────── word 5/120  287 wpm|
--
................................................................................
................................................................................
................................................................................
................................................................................
................................................................................
................................................................................
................................................................................
................................................................................
........................................T.......................................
....................................FFFFFFFF....................................
....................................FFFFFFFF....................................
....................................FFFFFFFF....................................
....................................FFFFFFFF....................................
....................................FFFFFFFF....................................
....................................FFFFFFFF....................................
....................................FFFFFFFF....................................
........................................T.......................................
................................................................................
................................................................................
................................................................................
................................................................................
................................................................................
................................................................................
................................................................................
